// Jest Snapshot v1, https://goo.gl/fbAQLP

exports[`Should render Offers list correctly 1`] = `
<section
  className="cities__places places"
>
  <h2
    className="visually-hidden"
  >
    Places
  </h2>
  <b
    className="places__found"
  >
     places to stay in Amsterdam
  </b>
  <form
    action="#"
    className="places__sorting"
    method="get"
  >
    <span
      className="places__sorting-caption"
    >
      Sort by  
    </span>
    <span
      className="places__sorting-type"
      tabIndex="0"
    >
      Popular
      <svg
        className="places__sorting-arrow"
        height="4"
        width="7"
      >
        <use
          xlinkHref="#icon-arrow-select"
        />
      </svg>
    </span>
    <ul
      className="places__options places__options--custom places__options--opened"
    >
      <li
        className="places__option places__option--active"
        tabIndex="0"
      >
        Popular
      </li>
      <li
        className="places__option"
        tabIndex="0"
      >
        Price: low to high
      </li>
      <li
        className="places__option"
        tabIndex="0"
      >
        Price: high to low
      </li>
      <li
        className="places__option"
        tabIndex="0"
      >
        Top rated first
      </li>
    </ul>
  </form>
  <div
    className="cities__places-list places__list tabs__content"
  >
    <article
      className="cities__place-card place-card"
      onMouseEnter={[Function]}
      onMouseLeave={[Function]}
    >
      <div
        className="place-card__mark"
      >
        <span />
      </div>
      <div
        className="cities__image-wrapper place-card__image-wrapper"
      >
        <a
          href="#"
        >
          <img
            alt="Place image"
            className="place-card__image"
            height="200"
            src="img/room.jpg"
            width="260"
          />
        </a>
      </div>
      <div
        className="place-card__info"
      >
        <div
          className="place-card__price-wrapper"
        >
          <div
            className="place-card__price"
          >
            <b
              className="place-card__price-value"
            >
              €
              98
            </b>
            <span
              className="place-card__price-text"
            >
              / night
            </span>
          </div>
          <button
            className="place-card__bookmark-button button"
            type="button"
          >
            <svg
              className="place-card__bookmark-icon"
              height="19"
              width="18"
            >
              <use
                xlinkHref="#icon-bookmark"
              />
            </svg>
            <span
              className="visually-hidden"
            >
              To bookmarks
            </span>
          </button>
        </div>
        <div
          className="place-card__rating rating"
        >
          <div
            className="place-card__stars rating__stars"
          >
            <span
              style={
                Object {
                  "width": "80%",
                }
              }
            />
            <span
              className="visually-hidden"
            >
              $
              0
            </span>
          </div>
        </div>
        <h2
          className="place-card__name"
        >
          <a
            href="#"
          >
            Cozy Studio
          </a>
        </h2>
        <p
          className="place-card__type"
        >
          Studio
        </p>
      </div>
    </article>
    <article
      className="cities__place-card place-card"
      onMouseEnter={[Function]}
      onMouseLeave={[Function]}
    >
      <div
        className="place-card__mark"
      >
        <span />
      </div>
      <div
        className="cities__image-wrapper place-card__image-wrapper"
      >
        <a
          href="#"
        >
          <img
            alt="Place image"
            className="place-card__image"
            height="200"
            src="img/apartment-01.jpg"
            width="260"
          />
        </a>
      </div>
      <div
        className="place-card__info"
      >
        <div
          className="place-card__price-wrapper"
        >
          <div
            className="place-card__price"
          >
            <b
              className="place-card__price-value"
            >
              €
              34
            </b>
            <span
              className="place-card__price-text"
            >
              / night
            </span>
          </div>
          <button
            className="place-card__bookmark-button button"
            type="button"
          >
            <svg
              className="place-card__bookmark-icon"
              height="19"
              width="18"
            >
              <use
                xlinkHref="#icon-bookmark"
              />
            </svg>
            <span
              className="visually-hidden"
            >
              To bookmarks
            </span>
          </button>
        </div>
        <div
          className="place-card__rating rating"
        >
          <div
            className="place-card__stars rating__stars"
          >
            <span
              style={
                Object {
                  "width": "80%",
                }
              }
            />
            <span
              className="visually-hidden"
            >
              $
              50
            </span>
          </div>
        </div>
        <h2
          className="place-card__name"
        >
          <a
            href="#"
          >
            Big Vintage Apartment
          </a>
        </h2>
        <p
          className="place-card__type"
        >
          Apartment
        </p>
      </div>
    </article>
    <article
      className="cities__place-card place-card"
      onMouseEnter={[Function]}
      onMouseLeave={[Function]}
    >
      <div
        className="place-card__mark"
      >
        <span />
      </div>
      <div
        className="cities__image-wrapper place-card__image-wrapper"
      >
        <a
          href="#"
        >
          <img
            alt="Place image"
            className="place-card__image"
            height="200"
            src="img/apartment-02.jpg"
            width="260"
          />
        </a>
      </div>
      <div
        className="place-card__info"
      >
        <div
          className="place-card__price-wrapper"
        >
          <div
            className="place-card__price"
          >
            <b
              className="place-card__price-value"
            >
              €
              80
            </b>
            <span
              className="place-card__price-text"
            >
              / night
            </span>
          </div>
          <button
            className="place-card__bookmark-button button"
            type="button"
          >
            <svg
              className="place-card__bookmark-icon"
              height="19"
              width="18"
            >
              <use
                xlinkHref="#icon-bookmark"
              />
            </svg>
            <span
              className="visually-hidden"
            >
              To bookmarks
            </span>
          </button>
        </div>
        <div
          className="place-card__rating rating"
        >
          <div
            className="place-card__stars rating__stars"
          >
            <span
              style={
                Object {
                  "width": "80%",
                }
              }
            />
            <span
              className="visually-hidden"
            >
              $
              100
            </span>
          </div>
        </div>
        <h2
          className="place-card__name"
        >
          <a
            href="#"
          >
            Small Country House
          </a>
        </h2>
        <p
          className="place-card__type"
        >
          House
        </p>
      </div>
    </article>
    <article
      className="cities__place-card place-card"
      onMouseEnter={[Function]}
      onMouseLeave={[Function]}
    >
      <div
        className="place-card__mark"
      >
        <span />
      </div>
      <div
        className="cities__image-wrapper place-card__image-wrapper"
      >
        <a
          href="#"
        >
          <img
            alt="Place image"
            className="place-card__image"
            height="200"
            src="img/apartment-03.jpg"
            width="260"
          />
        </a>
      </div>
      <div
        className="place-card__info"
      >
        <div
          className="place-card__price-wrapper"
        >
          <div
            className="place-card__price"
          >
            <b
              className="place-card__price-value"
            >
              €
              3200
            </b>
            <span
              className="place-card__price-text"
            >
              / night
            </span>
          </div>
          <button
            className="place-card__bookmark-button button"
            type="button"
          >
            <svg
              className="place-card__bookmark-icon"
              height="19"
              width="18"
            >
              <use
                xlinkHref="#icon-bookmark"
              />
            </svg>
            <span
              className="visually-hidden"
            >
              To bookmarks
            </span>
          </button>
        </div>
        <div
          className="place-card__rating rating"
        >
          <div
            className="place-card__stars rating__stars"
          >
            <span
              style={
                Object {
                  "width": "80%",
                }
              }
            />
            <span
              className="visually-hidden"
            >
              $
              95
            </span>
          </div>
        </div>
        <h2
          className="place-card__name"
        >
          <a
            href="#"
          >
            Villa with no view
          </a>
        </h2>
        <p
          className="place-card__type"
        >
          Villa
        </p>
      </div>
    </article>
    <article
      className="cities__place-card place-card"
      onMouseEnter={[Function]}
      onMouseLeave={[Function]}
    >
      <div
        className="place-card__mark"
      >
        <span />
      </div>
      <div
        className="cities__image-wrapper place-card__image-wrapper"
      >
        <a
          href="#"
        >
          <img
            alt="Place image"
            className="place-card__image"
            height="200"
            src="img/apartment-03.jpg"
            width="260"
          />
        </a>
      </div>
      <div
        className="place-card__info"
      >
        <div
          className="place-card__price-wrapper"
        >
          <div
            className="place-card__price"
          >
            <b
              className="place-card__price-value"
            >
              €
              5
            </b>
            <span
              className="place-card__price-text"
            >
              / night
            </span>
          </div>
          <button
            className="place-card__bookmark-button button"
            type="button"
          >
            <svg
              className="place-card__bookmark-icon"
              height="19"
              width="18"
            >
              <use
                xlinkHref="#icon-bookmark"
              />
            </svg>
            <span
              className="visually-hidden"
            >
              To bookmarks
            </span>
          </button>
        </div>
        <div
          className="place-card__rating rating"
        >
          <div
            className="place-card__stars rating__stars"
          >
            <span
              style={
                Object {
                  "width": "80%",
                }
              }
            />
            <span
              className="visually-hidden"
            >
              $
              15
            </span>
          </div>
        </div>
        <h2
          className="place-card__name"
        >
          <a
            href="#"
          >
            Tiny bungalow
          </a>
        </h2>
        <p
          className="place-card__type"
        >
          Bungalow
        </p>
      </div>
    </article>
  </div>
</section>
`;
