// Jest Snapshot v1, https://goo.gl/fbAQLP

exports[`Should render Error correctly 1`] = `
<p>
  Loading
</p>
`;
